// Jest Snapshot v1, https://goo.gl/fbAQLP

exports[`should render an ExpenseListItem 1`] = `
<Link
  className="list-item"
  to="/edit/1"
>
  <div>
    <h3
      className="list-item__title"
    >
      Cock
    </h3>
    <span
      className="list-item__subtitle"
    >
      December 31st, 1969
    </span>
  </div>
  <h3
    className="list-item__data"
  >
    $1.00
  </h3>
</Link>
`;
